// Jest Snapshot v1, https://goo.gl/fbAQLP

exports[`renders page with recipe id 1 1`] = `
Object {
  "asFragment": [Function],
  "baseElement": <body>
    <div>
      <main
        class="RecipeDetails__MainStyled-sc-1urzn0d-0 dfKsYk"
      >
        <section
          class="RecipeDetails__ImageSectionStyled-sc-1urzn0d-1 bCFoki"
        >
          <svg
            alt="bookmark recipe"
            class="FavouritesBookmark-sc-18jcs1h-0 ihnwd heart-icon"
            fill="currentColor"
            height="1em"
            stroke="currentColor"
            stroke-width="0"
            viewBox="0 0 512 512"
            width="1em"
            xmlns="http://www.w3.org/2000/svg"
          >
            <path
              d="M462.3 62.6C407.5 15.9 326 24.3 275.7 76.2L256 96.5l-19.7-20.3C186.1 24.3 104.5 15.9 49.7 62.6c-62.8 53.6-66.1 149.8-9.9 207.9l193.5 199.8c12.5 12.9 32.8 12.9 45.3 0l193.5-199.8c56.3-58.1 53-154.3-9.8-207.9z"
            />
          </svg>
          <img
            alt=""
            class="RecipeDetails__ImageStyled-sc-1urzn0d-2 hjcPyA"
            src="./images/chocolate_chip_cookies.jpg"
          />
        </section>
        <section
          class="RecipeDetails__RecipeInfoSectionStyled-sc-1urzn0d-3 dESenH"
        >
          <h3
            class="RecipeDetails__TitleStyled-sc-1urzn0d-4 kJqMjz"
          >
            Chocolate chip cookies
          </h3>
          <section
            class="RecipeDetails__InfoSection-sc-1urzn0d-5 dFyLfW"
          >
            <span>
              serves: 
              10
            </span>
            <section
              class="RecipeRating__FavouritesSection-sc-4qz39f-0 dDnGBJ"
            >
              <svg
                class="RecipeRating__StarIcon1-sc-4qz39f-1 BXRcB"
                fill="currentColor"
                height="1em"
                recipeRating="NaN"
                stroke="currentColor"
                stroke-width="0"
                viewBox="0 0 1024 1024"
                width="1em"
                xmlns="http://www.w3.org/2000/svg"
              >
                <path
                  d="M908.1 353.1l-253.9-36.9L540.7 86.1c-3.1-6.3-8.2-11.4-14.5-14.5-15.8-7.8-35-1.3-42.9 14.5L369.8 316.2l-253.9 36.9c-7 1-13.4 4.3-18.3 9.3a32.05 32.05 0 0 0 .6 45.3l183.7 179.1-43.4 252.9a31.95 31.95 0 0 0 46.4 33.7L512 754l227.1 119.4c6.2 3.3 13.4 4.4 20.3 3.2 17.4-3 29.1-19.5 26.1-36.9l-43.4-252.9 183.7-179.1c5-4.9 8.3-11.3 9.3-18.3 2.7-17.5-9.5-33.7-27-36.3zM664.8 561.6l36.1 210.3L512 672.7 323.1 772l36.1-210.3-152.8-149L417.6 382 512 190.7 606.4 382l211.2 30.7-152.8 148.9z"
                />
              </svg>
              <svg
                class="RecipeRating__StarIcon2-sc-4qz39f-2 lapzLF"
                fill="currentColor"
                height="1em"
                recipeRating="NaN"
                stroke="currentColor"
                stroke-width="0"
                viewBox="0 0 1024 1024"
                width="1em"
                xmlns="http://www.w3.org/2000/svg"
              >
                <path
                  d="M908.1 353.1l-253.9-36.9L540.7 86.1c-3.1-6.3-8.2-11.4-14.5-14.5-15.8-7.8-35-1.3-42.9 14.5L369.8 316.2l-253.9 36.9c-7 1-13.4 4.3-18.3 9.3a32.05 32.05 0 0 0 .6 45.3l183.7 179.1-43.4 252.9a31.95 31.95 0 0 0 46.4 33.7L512 754l227.1 119.4c6.2 3.3 13.4 4.4 20.3 3.2 17.4-3 29.1-19.5 26.1-36.9l-43.4-252.9 183.7-179.1c5-4.9 8.3-11.3 9.3-18.3 2.7-17.5-9.5-33.7-27-36.3zM664.8 561.6l36.1 210.3L512 672.7 323.1 772l36.1-210.3-152.8-149L417.6 382 512 190.7 606.4 382l211.2 30.7-152.8 148.9z"
                />
              </svg>
              <svg
                class="RecipeRating__StarIcon3-sc-4qz39f-3 bdryzF"
                fill="currentColor"
                height="1em"
                recipeRating="NaN"
                stroke="currentColor"
                stroke-width="0"
                viewBox="0 0 1024 1024"
                width="1em"
                xmlns="http://www.w3.org/2000/svg"
              >
                <path
                  d="M908.1 353.1l-253.9-36.9L540.7 86.1c-3.1-6.3-8.2-11.4-14.5-14.5-15.8-7.8-35-1.3-42.9 14.5L369.8 316.2l-253.9 36.9c-7 1-13.4 4.3-18.3 9.3a32.05 32.05 0 0 0 .6 45.3l183.7 179.1-43.4 252.9a31.95 31.95 0 0 0 46.4 33.7L512 754l227.1 119.4c6.2 3.3 13.4 4.4 20.3 3.2 17.4-3 29.1-19.5 26.1-36.9l-43.4-252.9 183.7-179.1c5-4.9 8.3-11.3 9.3-18.3 2.7-17.5-9.5-33.7-27-36.3zM664.8 561.6l36.1 210.3L512 672.7 323.1 772l36.1-210.3-152.8-149L417.6 382 512 190.7 606.4 382l211.2 30.7-152.8 148.9z"
                />
              </svg>
              <svg
                class="RecipeRating__StarIcon4-sc-4qz39f-4 hCyytx"
                fill="currentColor"
                height="1em"
                recipeRating="NaN"
                stroke="currentColor"
                stroke-width="0"
                viewBox="0 0 1024 1024"
                width="1em"
                xmlns="http://www.w3.org/2000/svg"
              >
                <path
                  d="M908.1 353.1l-253.9-36.9L540.7 86.1c-3.1-6.3-8.2-11.4-14.5-14.5-15.8-7.8-35-1.3-42.9 14.5L369.8 316.2l-253.9 36.9c-7 1-13.4 4.3-18.3 9.3a32.05 32.05 0 0 0 .6 45.3l183.7 179.1-43.4 252.9a31.95 31.95 0 0 0 46.4 33.7L512 754l227.1 119.4c6.2 3.3 13.4 4.4 20.3 3.2 17.4-3 29.1-19.5 26.1-36.9l-43.4-252.9 183.7-179.1c5-4.9 8.3-11.3 9.3-18.3 2.7-17.5-9.5-33.7-27-36.3zM664.8 561.6l36.1 210.3L512 672.7 323.1 772l36.1-210.3-152.8-149L417.6 382 512 190.7 606.4 382l211.2 30.7-152.8 148.9z"
                />
              </svg>
              <svg
                class="RecipeRating__StarIcon5-sc-4qz39f-5 iUWgGt"
                fill="currentColor"
                height="1em"
                recipeRating="NaN"
                stroke="currentColor"
                stroke-width="0"
                viewBox="0 0 1024 1024"
                width="1em"
                xmlns="http://www.w3.org/2000/svg"
              >
                <path
                  d="M908.1 353.1l-253.9-36.9L540.7 86.1c-3.1-6.3-8.2-11.4-14.5-14.5-15.8-7.8-35-1.3-42.9 14.5L369.8 316.2l-253.9 36.9c-7 1-13.4 4.3-18.3 9.3a32.05 32.05 0 0 0 .6 45.3l183.7 179.1-43.4 252.9a31.95 31.95 0 0 0 46.4 33.7L512 754l227.1 119.4c6.2 3.3 13.4 4.4 20.3 3.2 17.4-3 29.1-19.5 26.1-36.9l-43.4-252.9 183.7-179.1c5-4.9 8.3-11.3 9.3-18.3 2.7-17.5-9.5-33.7-27-36.3zM664.8 561.6l36.1 210.3L512 672.7 323.1 772l36.1-210.3-152.8-149L417.6 382 512 190.7 606.4 382l211.2 30.7-152.8 148.9z"
                />
              </svg>
              <p
                class="RecipeRating__ParagraphStyled-sc-4qz39f-6 gNTUuM"
              >
                ratings
              </p>
            </section>
            <span>
              time: 
              0
              :
              40
            </span>
          </section>
          <div
            class="RecipeDetails__DetailSelectionStyled-sc-1urzn0d-6 iXWNBS"
          >
            <span
              class="RecipeDetails__IngredientsSelectionSpan-sc-1urzn0d-7 bVnKZl ingredients-selector"
            >
              Ingredients
            </span>
            <span
              class="RecipeDetails__InstructionsSelectionSpan-sc-1urzn0d-8 kmaLsl instructions-selector"
              data-testid="instructionsButton"
            >
              Instructions
            </span>
          </div>
        </section>
        <section
          class="RecipeDetails__IngredientsSection-sc-1urzn0d-9 dgqXzX"
        >
          <p
            class="RecipeDetails__ParagraphStyled-sc-1urzn0d-11 dWkeEu"
          >
            200 g
          </p>
          <p
            class="RecipeDetails__ParagraphStyled-sc-1urzn0d-11 dWkeEu"
          >
            flour
          </p>
          <p
            class="RecipeDetails__ParagraphStyled-sc-1urzn0d-11 dWkeEu"
          >
            100 ml
          </p>
          <p
            class="RecipeDetails__ParagraphStyled-sc-1urzn0d-11 dWkeEu"
          >
            milk
          </p>
          <p
            class="RecipeDetails__ParagraphStyled-sc-1urzn0d-11 dWkeEu"
          >
            250 g
          </p>
          <p
            class="RecipeDetails__ParagraphStyled-sc-1urzn0d-11 dWkeEu"
          >
            sugar
          </p>
          <p
            class="RecipeDetails__ParagraphStyled-sc-1urzn0d-11 dWkeEu"
          >
            2
          </p>
          <p
            class="RecipeDetails__ParagraphStyled-sc-1urzn0d-11 dWkeEu"
          >
            eggs
          </p>
          <p
            class="RecipeDetails__ParagraphStyled-sc-1urzn0d-11 dWkeEu"
          >
            1 tsp
          </p>
          <p
            class="RecipeDetails__ParagraphStyled-sc-1urzn0d-11 dWkeEu"
          >
            baking powder
          </p>
          <p
            class="RecipeDetails__ParagraphStyled-sc-1urzn0d-11 dWkeEu"
          >
            100 g
          </p>
          <p
            class="RecipeDetails__ParagraphStyled-sc-1urzn0d-11 dWkeEu"
          >
            chocolate chips
          </p>
        </section>
      </main>
    </div>
  </body>,
  "container": <div>
    <main
      class="RecipeDetails__MainStyled-sc-1urzn0d-0 dfKsYk"
    >
      <section
        class="RecipeDetails__ImageSectionStyled-sc-1urzn0d-1 bCFoki"
      >
        <svg
          alt="bookmark recipe"
          class="FavouritesBookmark-sc-18jcs1h-0 ihnwd heart-icon"
          fill="currentColor"
          height="1em"
          stroke="currentColor"
          stroke-width="0"
          viewBox="0 0 512 512"
          width="1em"
          xmlns="http://www.w3.org/2000/svg"
        >
          <path
            d="M462.3 62.6C407.5 15.9 326 24.3 275.7 76.2L256 96.5l-19.7-20.3C186.1 24.3 104.5 15.9 49.7 62.6c-62.8 53.6-66.1 149.8-9.9 207.9l193.5 199.8c12.5 12.9 32.8 12.9 45.3 0l193.5-199.8c56.3-58.1 53-154.3-9.8-207.9z"
          />
        </svg>
        <img
          alt=""
          class="RecipeDetails__ImageStyled-sc-1urzn0d-2 hjcPyA"
          src="./images/chocolate_chip_cookies.jpg"
        />
      </section>
      <section
        class="RecipeDetails__RecipeInfoSectionStyled-sc-1urzn0d-3 dESenH"
      >
        <h3
          class="RecipeDetails__TitleStyled-sc-1urzn0d-4 kJqMjz"
        >
          Chocolate chip cookies
        </h3>
        <section
          class="RecipeDetails__InfoSection-sc-1urzn0d-5 dFyLfW"
        >
          <span>
            serves: 
            10
          </span>
          <section
            class="RecipeRating__FavouritesSection-sc-4qz39f-0 dDnGBJ"
          >
            <svg
              class="RecipeRating__StarIcon1-sc-4qz39f-1 BXRcB"
              fill="currentColor"
              height="1em"
              recipeRating="NaN"
              stroke="currentColor"
              stroke-width="0"
              viewBox="0 0 1024 1024"
              width="1em"
              xmlns="http://www.w3.org/2000/svg"
            >
              <path
                d="M908.1 353.1l-253.9-36.9L540.7 86.1c-3.1-6.3-8.2-11.4-14.5-14.5-15.8-7.8-35-1.3-42.9 14.5L369.8 316.2l-253.9 36.9c-7 1-13.4 4.3-18.3 9.3a32.05 32.05 0 0 0 .6 45.3l183.7 179.1-43.4 252.9a31.95 31.95 0 0 0 46.4 33.7L512 754l227.1 119.4c6.2 3.3 13.4 4.4 20.3 3.2 17.4-3 29.1-19.5 26.1-36.9l-43.4-252.9 183.7-179.1c5-4.9 8.3-11.3 9.3-18.3 2.7-17.5-9.5-33.7-27-36.3zM664.8 561.6l36.1 210.3L512 672.7 323.1 772l36.1-210.3-152.8-149L417.6 382 512 190.7 606.4 382l211.2 30.7-152.8 148.9z"
              />
            </svg>
            <svg
              class="RecipeRating__StarIcon2-sc-4qz39f-2 lapzLF"
              fill="currentColor"
              height="1em"
              recipeRating="NaN"
              stroke="currentColor"
              stroke-width="0"
              viewBox="0 0 1024 1024"
              width="1em"
              xmlns="http://www.w3.org/2000/svg"
            >
              <path
                d="M908.1 353.1l-253.9-36.9L540.7 86.1c-3.1-6.3-8.2-11.4-14.5-14.5-15.8-7.8-35-1.3-42.9 14.5L369.8 316.2l-253.9 36.9c-7 1-13.4 4.3-18.3 9.3a32.05 32.05 0 0 0 .6 45.3l183.7 179.1-43.4 252.9a31.95 31.95 0 0 0 46.4 33.7L512 754l227.1 119.4c6.2 3.3 13.4 4.4 20.3 3.2 17.4-3 29.1-19.5 26.1-36.9l-43.4-252.9 183.7-179.1c5-4.9 8.3-11.3 9.3-18.3 2.7-17.5-9.5-33.7-27-36.3zM664.8 561.6l36.1 210.3L512 672.7 323.1 772l36.1-210.3-152.8-149L417.6 382 512 190.7 606.4 382l211.2 30.7-152.8 148.9z"
              />
            </svg>
            <svg
              class="RecipeRating__StarIcon3-sc-4qz39f-3 bdryzF"
              fill="currentColor"
              height="1em"
              recipeRating="NaN"
              stroke="currentColor"
              stroke-width="0"
              viewBox="0 0 1024 1024"
              width="1em"
              xmlns="http://www.w3.org/2000/svg"
            >
              <path
                d="M908.1 353.1l-253.9-36.9L540.7 86.1c-3.1-6.3-8.2-11.4-14.5-14.5-15.8-7.8-35-1.3-42.9 14.5L369.8 316.2l-253.9 36.9c-7 1-13.4 4.3-18.3 9.3a32.05 32.05 0 0 0 .6 45.3l183.7 179.1-43.4 252.9a31.95 31.95 0 0 0 46.4 33.7L512 754l227.1 119.4c6.2 3.3 13.4 4.4 20.3 3.2 17.4-3 29.1-19.5 26.1-36.9l-43.4-252.9 183.7-179.1c5-4.9 8.3-11.3 9.3-18.3 2.7-17.5-9.5-33.7-27-36.3zM664.8 561.6l36.1 210.3L512 672.7 323.1 772l36.1-210.3-152.8-149L417.6 382 512 190.7 606.4 382l211.2 30.7-152.8 148.9z"
              />
            </svg>
            <svg
              class="RecipeRating__StarIcon4-sc-4qz39f-4 hCyytx"
              fill="currentColor"
              height="1em"
              recipeRating="NaN"
              stroke="currentColor"
              stroke-width="0"
              viewBox="0 0 1024 1024"
              width="1em"
              xmlns="http://www.w3.org/2000/svg"
            >
              <path
                d="M908.1 353.1l-253.9-36.9L540.7 86.1c-3.1-6.3-8.2-11.4-14.5-14.5-15.8-7.8-35-1.3-42.9 14.5L369.8 316.2l-253.9 36.9c-7 1-13.4 4.3-18.3 9.3a32.05 32.05 0 0 0 .6 45.3l183.7 179.1-43.4 252.9a31.95 31.95 0 0 0 46.4 33.7L512 754l227.1 119.4c6.2 3.3 13.4 4.4 20.3 3.2 17.4-3 29.1-19.5 26.1-36.9l-43.4-252.9 183.7-179.1c5-4.9 8.3-11.3 9.3-18.3 2.7-17.5-9.5-33.7-27-36.3zM664.8 561.6l36.1 210.3L512 672.7 323.1 772l36.1-210.3-152.8-149L417.6 382 512 190.7 606.4 382l211.2 30.7-152.8 148.9z"
              />
            </svg>
            <svg
              class="RecipeRating__StarIcon5-sc-4qz39f-5 iUWgGt"
              fill="currentColor"
              height="1em"
              recipeRating="NaN"
              stroke="currentColor"
              stroke-width="0"
              viewBox="0 0 1024 1024"
              width="1em"
              xmlns="http://www.w3.org/2000/svg"
            >
              <path
                d="M908.1 353.1l-253.9-36.9L540.7 86.1c-3.1-6.3-8.2-11.4-14.5-14.5-15.8-7.8-35-1.3-42.9 14.5L369.8 316.2l-253.9 36.9c-7 1-13.4 4.3-18.3 9.3a32.05 32.05 0 0 0 .6 45.3l183.7 179.1-43.4 252.9a31.95 31.95 0 0 0 46.4 33.7L512 754l227.1 119.4c6.2 3.3 13.4 4.4 20.3 3.2 17.4-3 29.1-19.5 26.1-36.9l-43.4-252.9 183.7-179.1c5-4.9 8.3-11.3 9.3-18.3 2.7-17.5-9.5-33.7-27-36.3zM664.8 561.6l36.1 210.3L512 672.7 323.1 772l36.1-210.3-152.8-149L417.6 382 512 190.7 606.4 382l211.2 30.7-152.8 148.9z"
              />
            </svg>
            <p
              class="RecipeRating__ParagraphStyled-sc-4qz39f-6 gNTUuM"
            >
              ratings
            </p>
          </section>
          <span>
            time: 
            0
            :
            40
          </span>
        </section>
        <div
          class="RecipeDetails__DetailSelectionStyled-sc-1urzn0d-6 iXWNBS"
        >
          <span
            class="RecipeDetails__IngredientsSelectionSpan-sc-1urzn0d-7 bVnKZl ingredients-selector"
          >
            Ingredients
          </span>
          <span
            class="RecipeDetails__InstructionsSelectionSpan-sc-1urzn0d-8 kmaLsl instructions-selector"
            data-testid="instructionsButton"
          >
            Instructions
          </span>
        </div>
      </section>
      <section
        class="RecipeDetails__IngredientsSection-sc-1urzn0d-9 dgqXzX"
      >
        <p
          class="RecipeDetails__ParagraphStyled-sc-1urzn0d-11 dWkeEu"
        >
          200 g
        </p>
        <p
          class="RecipeDetails__ParagraphStyled-sc-1urzn0d-11 dWkeEu"
        >
          flour
        </p>
        <p
          class="RecipeDetails__ParagraphStyled-sc-1urzn0d-11 dWkeEu"
        >
          100 ml
        </p>
        <p
          class="RecipeDetails__ParagraphStyled-sc-1urzn0d-11 dWkeEu"
        >
          milk
        </p>
        <p
          class="RecipeDetails__ParagraphStyled-sc-1urzn0d-11 dWkeEu"
        >
          250 g
        </p>
        <p
          class="RecipeDetails__ParagraphStyled-sc-1urzn0d-11 dWkeEu"
        >
          sugar
        </p>
        <p
          class="RecipeDetails__ParagraphStyled-sc-1urzn0d-11 dWkeEu"
        >
          2
        </p>
        <p
          class="RecipeDetails__ParagraphStyled-sc-1urzn0d-11 dWkeEu"
        >
          eggs
        </p>
        <p
          class="RecipeDetails__ParagraphStyled-sc-1urzn0d-11 dWkeEu"
        >
          1 tsp
        </p>
        <p
          class="RecipeDetails__ParagraphStyled-sc-1urzn0d-11 dWkeEu"
        >
          baking powder
        </p>
        <p
          class="RecipeDetails__ParagraphStyled-sc-1urzn0d-11 dWkeEu"
        >
          100 g
        </p>
        <p
          class="RecipeDetails__ParagraphStyled-sc-1urzn0d-11 dWkeEu"
        >
          chocolate chips
        </p>
      </section>
    </main>
  </div>,
  "debug": [Function],
  "findAllByAltText": [Function],
  "findAllByDisplayValue": [Function],
  "findAllByLabelText": [Function],
  "findAllByPlaceholderText": [Function],
  "findAllByRole": [Function],
  "findAllByTestId": [Function],
  "findAllByText": [Function],
  "findAllByTitle": [Function],
  "findByAltText": [Function],
  "findByDisplayValue": [Function],
  "findByLabelText": [Function],
  "findByPlaceholderText": [Function],
  "findByRole": [Function],
  "findByTestId": [Function],
  "findByText": [Function],
  "findByTitle": [Function],
  "getAllByAltText": [Function],
  "getAllByDisplayValue": [Function],
  "getAllByLabelText": [Function],
  "getAllByPlaceholderText": [Function],
  "getAllByRole": [Function],
  "getAllByTestId": [Function],
  "getAllByText": [Function],
  "getAllByTitle": [Function],
  "getByAltText": [Function],
  "getByDisplayValue": [Function],
  "getByLabelText": [Function],
  "getByPlaceholderText": [Function],
  "getByRole": [Function],
  "getByTestId": [Function],
  "getByText": [Function],
  "getByTitle": [Function],
  "queryAllByAltText": [Function],
  "queryAllByDisplayValue": [Function],
  "queryAllByLabelText": [Function],
  "queryAllByPlaceholderText": [Function],
  "queryAllByRole": [Function],
  "queryAllByTestId": [Function],
  "queryAllByText": [Function],
  "queryAllByTitle": [Function],
  "queryByAltText": [Function],
  "queryByDisplayValue": [Function],
  "queryByLabelText": [Function],
  "queryByPlaceholderText": [Function],
  "queryByRole": [Function],
  "queryByTestId": [Function],
  "queryByText": [Function],
  "queryByTitle": [Function],
  "rerender": [Function],
  "unmount": [Function],
}
`;
