// Jest Snapshot v1, https://goo.gl/fbAQLP

exports[`renders page with recipe id 1 1`] = `
Object {
  "asFragment": [Function],
  "baseElement": <body>
    <div>
      <main
        class="RecipeDetails__MainStyled-sc-1urzn0d-0 iKHkaU"
      >
        <section
          class="RecipeDetails__ImageSectionStyled-sc-1urzn0d-1 bCFoki"
        >
          <svg
            alt="bookmark recipe"
            class="FavouritesBookmark-sc-18jcs1h-0 ihnwd heart-icon"
            fill="currentColor"
            height="1em"
            stroke="currentColor"
            stroke-width="0"
            viewBox="0 0 512 512"
            width="1em"
            xmlns="http://www.w3.org/2000/svg"
          >
            <path
              d="M462.3 62.6C407.5 15.9 326 24.3 275.7 76.2L256 96.5l-19.7-20.3C186.1 24.3 104.5 15.9 49.7 62.6c-62.8 53.6-66.1 149.8-9.9 207.9l193.5 199.8c12.5 12.9 32.8 12.9 45.3 0l193.5-199.8c56.3-58.1 53-154.3-9.8-207.9z"
            />
          </svg>
          <img
            alt=""
            class="RecipeDetails__ImageStyled-sc-1urzn0d-2 hjcPyA"
            src="./images/chocolate_chip_cookies.jpg"
          />
        </section>
        <section
          class="RecipeDetails__RecipeInfoSectionStyled-sc-1urzn0d-3 dESenH"
        >
          <h3
            class="RecipeDetails__TitleStyled-sc-1urzn0d-4 kJqMjz"
          >
            Chocolate chip cookies
          </h3>
          <section
            class="RecipeDetails__InfoSection-sc-1urzn0d-5 dFyLfW"
          >
            <span>
              serves: 
              10
            </span>
            <section
              class="RecipeRating__FavouritesSection-sc-4qz39f-0 dDnGBJ"
            >
              <svg
                class="RecipeRating__StarIcon-sc-4qz39f-1 RecipeRating__StarIcon1-sc-4qz39f-2 ikeFNE"
                fill="currentColor"
                height="1em"
                recipeRating="NaN"
                stroke="currentColor"
                stroke-width="0"
                viewBox="0 0 512 512"
                width="1em"
                xmlns="http://www.w3.org/2000/svg"
              >
                <path
                  d="M256 372.686L380.83 448l-33.021-142.066L458 210.409l-145.267-12.475L256 64l-56.743 133.934L54 210.409l110.192 95.525L131.161 448z"
                />
              </svg>
              <svg
                class="RecipeRating__StarIcon-sc-4qz39f-1 RecipeRating__StarIcon2-sc-4qz39f-3 kIKfUq"
                fill="currentColor"
                height="1em"
                recipeRating="NaN"
                stroke="currentColor"
                stroke-width="0"
                viewBox="0 0 512 512"
                width="1em"
                xmlns="http://www.w3.org/2000/svg"
              >
                <path
                  d="M256 372.686L380.83 448l-33.021-142.066L458 210.409l-145.267-12.475L256 64l-56.743 133.934L54 210.409l110.192 95.525L131.161 448z"
                />
              </svg>
              <svg
                class="RecipeRating__StarIcon-sc-4qz39f-1 RecipeRating__StarIcon3-sc-4qz39f-4 ikPiTA"
                fill="currentColor"
                height="1em"
                recipeRating="NaN"
                stroke="currentColor"
                stroke-width="0"
                viewBox="0 0 512 512"
                width="1em"
                xmlns="http://www.w3.org/2000/svg"
              >
                <path
                  d="M256 372.686L380.83 448l-33.021-142.066L458 210.409l-145.267-12.475L256 64l-56.743 133.934L54 210.409l110.192 95.525L131.161 448z"
                />
              </svg>
              <svg
                class="RecipeRating__StarIcon-sc-4qz39f-1 RecipeRating__StarIcon4-sc-4qz39f-5 bMnrca"
                fill="currentColor"
                height="1em"
                recipeRating="NaN"
                stroke="currentColor"
                stroke-width="0"
                viewBox="0 0 512 512"
                width="1em"
                xmlns="http://www.w3.org/2000/svg"
              >
                <path
                  d="M256 372.686L380.83 448l-33.021-142.066L458 210.409l-145.267-12.475L256 64l-56.743 133.934L54 210.409l110.192 95.525L131.161 448z"
                />
              </svg>
              <svg
                class="RecipeRating__StarIcon-sc-4qz39f-1 RecipeRating__StarIcon5-sc-4qz39f-6 iUwzjw"
                fill="currentColor"
                height="1em"
                recipeRating="NaN"
                stroke="currentColor"
                stroke-width="0"
                viewBox="0 0 512 512"
                width="1em"
                xmlns="http://www.w3.org/2000/svg"
              >
                <path
                  d="M256 372.686L380.83 448l-33.021-142.066L458 210.409l-145.267-12.475L256 64l-56.743 133.934L54 210.409l110.192 95.525L131.161 448z"
                />
              </svg>
              <p
                class="RecipeRating__ParagraphStyled-sc-4qz39f-7 iQWsjd"
              >
                (
                 ratings)
              </p>
            </section>
            <span>
              time: 
              0
              :
              40
            </span>
          </section>
          <div
            class="RecipeDetails__DetailSelectionStyled-sc-1urzn0d-6 iXWNBS"
          >
            <span
              class="RecipeDetails__IngredientsSelectionSpan-sc-1urzn0d-7 bVnKZl ingredients-selector"
            >
              Ingredients
            </span>
            <span
              class="RecipeDetails__InstructionsSelectionSpan-sc-1urzn0d-8 kmaLsl instructions-selector"
              data-testid="instructionsButton"
            >
              Instructions
            </span>
          </div>
        </section>
        <section
          class="RecipeDetails__IngredientsSection-sc-1urzn0d-9 dgqXzX"
        >
          <p
            class="RecipeDetails__ParagraphStyled-sc-1urzn0d-11 dWkeEu"
          >
            200 g
          </p>
          <p
            class="RecipeDetails__ParagraphStyled-sc-1urzn0d-11 dWkeEu"
          >
            flour
          </p>
          <p
            class="RecipeDetails__ParagraphStyled-sc-1urzn0d-11 dWkeEu"
          >
            100 ml
          </p>
          <p
            class="RecipeDetails__ParagraphStyled-sc-1urzn0d-11 dWkeEu"
          >
            milk
          </p>
          <p
            class="RecipeDetails__ParagraphStyled-sc-1urzn0d-11 dWkeEu"
          >
            250 g
          </p>
          <p
            class="RecipeDetails__ParagraphStyled-sc-1urzn0d-11 dWkeEu"
          >
            sugar
          </p>
          <p
            class="RecipeDetails__ParagraphStyled-sc-1urzn0d-11 dWkeEu"
          >
            2
          </p>
          <p
            class="RecipeDetails__ParagraphStyled-sc-1urzn0d-11 dWkeEu"
          >
            eggs
          </p>
          <p
            class="RecipeDetails__ParagraphStyled-sc-1urzn0d-11 dWkeEu"
          >
            1 tsp
          </p>
          <p
            class="RecipeDetails__ParagraphStyled-sc-1urzn0d-11 dWkeEu"
          >
            baking powder
          </p>
          <p
            class="RecipeDetails__ParagraphStyled-sc-1urzn0d-11 dWkeEu"
          >
            100 g
          </p>
          <p
            class="RecipeDetails__ParagraphStyled-sc-1urzn0d-11 dWkeEu"
          >
            chocolate chips
          </p>
        </section>
      </main>
      <section
        class="RecipeDetails__RatingSection-sc-1urzn0d-12 izjlX"
      >
        <svg
          class="RecipeDetails__CloseRatingIcon-sc-1urzn0d-19 fXIbce"
          fill="currentColor"
          height="1em"
          stroke="currentColor"
          stroke-width="0"
          viewBox="0 0 512 512"
          width="1em"
          xmlns="http://www.w3.org/2000/svg"
        >
          <path
            d="M331.3 308.7L278.6 256l52.7-52.7c6.2-6.2 6.2-16.4 0-22.6-6.2-6.2-16.4-6.2-22.6 0L256 233.4l-52.7-52.7c-6.2-6.2-15.6-7.1-22.6 0-7.1 7.1-6 16.6 0 22.6l52.7 52.7-52.7 52.7c-6.7 6.7-6.4 16.3 0 22.6 6.4 6.4 16.4 6.2 22.6 0l52.7-52.7 52.7 52.7c6.2 6.2 16.4 6.2 22.6 0 6.3-6.2 6.3-16.4 0-22.6z"
          />
          <path
            d="M256 76c48.1 0 93.3 18.7 127.3 52.7S436 207.9 436 256s-18.7 93.3-52.7 127.3S304.1 436 256 436c-48.1 0-93.3-18.7-127.3-52.7S76 304.1 76 256s18.7-93.3 52.7-127.3S207.9 76 256 76m0-28C141.1 48 48 141.1 48 256s93.1 208 208 208 208-93.1 208-208S370.9 48 256 48z"
          />
        </svg>
        <p
          class="RecipeDetails__RatingText-sc-1urzn0d-21 bxbIPw"
        >
          Please rate the recipe
        </p>
        <section
          class="RecipeDetails__StarSection-sc-1urzn0d-20 kEHwsF"
        >
          <svg
            class="RecipeDetails__StarIcon-sc-1urzn0d-13 RecipeDetails__StarIcon1-sc-1urzn0d-14 diVOfj"
            fill="currentColor"
            height="1em"
            stroke="currentColor"
            stroke-width="0"
            userRating="0"
            viewBox="0 0 512 512"
            width="1em"
            xmlns="http://www.w3.org/2000/svg"
          >
            <path
              d="M256 372.686L380.83 448l-33.021-142.066L458 210.409l-145.267-12.475L256 64l-56.743 133.934L54 210.409l110.192 95.525L131.161 448z"
            />
          </svg>
          <svg
            class="RecipeDetails__StarIcon-sc-1urzn0d-13 RecipeDetails__StarIcon2-sc-1urzn0d-15 ewLkUx"
            fill="currentColor"
            height="1em"
            stroke="currentColor"
            stroke-width="0"
            userRating="0"
            viewBox="0 0 512 512"
            width="1em"
            xmlns="http://www.w3.org/2000/svg"
          >
            <path
              d="M256 372.686L380.83 448l-33.021-142.066L458 210.409l-145.267-12.475L256 64l-56.743 133.934L54 210.409l110.192 95.525L131.161 448z"
            />
          </svg>
          <svg
            class="RecipeDetails__StarIcon-sc-1urzn0d-13 RecipeDetails__StarIcon3-sc-1urzn0d-16 jTWiRr"
            fill="currentColor"
            height="1em"
            stroke="currentColor"
            stroke-width="0"
            userRating="0"
            viewBox="0 0 512 512"
            width="1em"
            xmlns="http://www.w3.org/2000/svg"
          >
            <path
              d="M256 372.686L380.83 448l-33.021-142.066L458 210.409l-145.267-12.475L256 64l-56.743 133.934L54 210.409l110.192 95.525L131.161 448z"
            />
          </svg>
          <svg
            class="RecipeDetails__StarIcon-sc-1urzn0d-13 RecipeDetails__StarIcon4-sc-1urzn0d-17 jQJlYZ"
            fill="currentColor"
            height="1em"
            stroke="currentColor"
            stroke-width="0"
            userRating="0"
            viewBox="0 0 512 512"
            width="1em"
            xmlns="http://www.w3.org/2000/svg"
          >
            <path
              d="M256 372.686L380.83 448l-33.021-142.066L458 210.409l-145.267-12.475L256 64l-56.743 133.934L54 210.409l110.192 95.525L131.161 448z"
            />
          </svg>
          <svg
            class="RecipeDetails__StarIcon-sc-1urzn0d-13 RecipeDetails__StarIcon5-sc-1urzn0d-18 jLDYRP"
            fill="currentColor"
            height="1em"
            stroke="currentColor"
            stroke-width="0"
            userRating="0"
            viewBox="0 0 512 512"
            width="1em"
            xmlns="http://www.w3.org/2000/svg"
          >
            <path
              d="M256 372.686L380.83 448l-33.021-142.066L458 210.409l-145.267-12.475L256 64l-56.743 133.934L54 210.409l110.192 95.525L131.161 448z"
            />
          </svg>
        </section>
        <button
          class="RecipeDetails__RatingButton-sc-1urzn0d-22 YCwru"
        >
          Submit
        </button>
      </section>
    </div>
  </body>,
  "container": <div>
    <main
      class="RecipeDetails__MainStyled-sc-1urzn0d-0 iKHkaU"
    >
      <section
        class="RecipeDetails__ImageSectionStyled-sc-1urzn0d-1 bCFoki"
      >
        <svg
          alt="bookmark recipe"
          class="FavouritesBookmark-sc-18jcs1h-0 ihnwd heart-icon"
          fill="currentColor"
          height="1em"
          stroke="currentColor"
          stroke-width="0"
          viewBox="0 0 512 512"
          width="1em"
          xmlns="http://www.w3.org/2000/svg"
        >
          <path
            d="M462.3 62.6C407.5 15.9 326 24.3 275.7 76.2L256 96.5l-19.7-20.3C186.1 24.3 104.5 15.9 49.7 62.6c-62.8 53.6-66.1 149.8-9.9 207.9l193.5 199.8c12.5 12.9 32.8 12.9 45.3 0l193.5-199.8c56.3-58.1 53-154.3-9.8-207.9z"
          />
        </svg>
        <img
          alt=""
          class="RecipeDetails__ImageStyled-sc-1urzn0d-2 hjcPyA"
          src="./images/chocolate_chip_cookies.jpg"
        />
      </section>
      <section
        class="RecipeDetails__RecipeInfoSectionStyled-sc-1urzn0d-3 dESenH"
      >
        <h3
          class="RecipeDetails__TitleStyled-sc-1urzn0d-4 kJqMjz"
        >
          Chocolate chip cookies
        </h3>
        <section
          class="RecipeDetails__InfoSection-sc-1urzn0d-5 dFyLfW"
        >
          <span>
            serves: 
            10
          </span>
          <section
            class="RecipeRating__FavouritesSection-sc-4qz39f-0 dDnGBJ"
          >
            <svg
              class="RecipeRating__StarIcon-sc-4qz39f-1 RecipeRating__StarIcon1-sc-4qz39f-2 ikeFNE"
              fill="currentColor"
              height="1em"
              recipeRating="NaN"
              stroke="currentColor"
              stroke-width="0"
              viewBox="0 0 512 512"
              width="1em"
              xmlns="http://www.w3.org/2000/svg"
            >
              <path
                d="M256 372.686L380.83 448l-33.021-142.066L458 210.409l-145.267-12.475L256 64l-56.743 133.934L54 210.409l110.192 95.525L131.161 448z"
              />
            </svg>
            <svg
              class="RecipeRating__StarIcon-sc-4qz39f-1 RecipeRating__StarIcon2-sc-4qz39f-3 kIKfUq"
              fill="currentColor"
              height="1em"
              recipeRating="NaN"
              stroke="currentColor"
              stroke-width="0"
              viewBox="0 0 512 512"
              width="1em"
              xmlns="http://www.w3.org/2000/svg"
            >
              <path
                d="M256 372.686L380.83 448l-33.021-142.066L458 210.409l-145.267-12.475L256 64l-56.743 133.934L54 210.409l110.192 95.525L131.161 448z"
              />
            </svg>
            <svg
              class="RecipeRating__StarIcon-sc-4qz39f-1 RecipeRating__StarIcon3-sc-4qz39f-4 ikPiTA"
              fill="currentColor"
              height="1em"
              recipeRating="NaN"
              stroke="currentColor"
              stroke-width="0"
              viewBox="0 0 512 512"
              width="1em"
              xmlns="http://www.w3.org/2000/svg"
            >
              <path
                d="M256 372.686L380.83 448l-33.021-142.066L458 210.409l-145.267-12.475L256 64l-56.743 133.934L54 210.409l110.192 95.525L131.161 448z"
              />
            </svg>
            <svg
              class="RecipeRating__StarIcon-sc-4qz39f-1 RecipeRating__StarIcon4-sc-4qz39f-5 bMnrca"
              fill="currentColor"
              height="1em"
              recipeRating="NaN"
              stroke="currentColor"
              stroke-width="0"
              viewBox="0 0 512 512"
              width="1em"
              xmlns="http://www.w3.org/2000/svg"
            >
              <path
                d="M256 372.686L380.83 448l-33.021-142.066L458 210.409l-145.267-12.475L256 64l-56.743 133.934L54 210.409l110.192 95.525L131.161 448z"
              />
            </svg>
            <svg
              class="RecipeRating__StarIcon-sc-4qz39f-1 RecipeRating__StarIcon5-sc-4qz39f-6 iUwzjw"
              fill="currentColor"
              height="1em"
              recipeRating="NaN"
              stroke="currentColor"
              stroke-width="0"
              viewBox="0 0 512 512"
              width="1em"
              xmlns="http://www.w3.org/2000/svg"
            >
              <path
                d="M256 372.686L380.83 448l-33.021-142.066L458 210.409l-145.267-12.475L256 64l-56.743 133.934L54 210.409l110.192 95.525L131.161 448z"
              />
            </svg>
            <p
              class="RecipeRating__ParagraphStyled-sc-4qz39f-7 iQWsjd"
            >
              (
               ratings)
            </p>
          </section>
          <span>
            time: 
            0
            :
            40
          </span>
        </section>
        <div
          class="RecipeDetails__DetailSelectionStyled-sc-1urzn0d-6 iXWNBS"
        >
          <span
            class="RecipeDetails__IngredientsSelectionSpan-sc-1urzn0d-7 bVnKZl ingredients-selector"
          >
            Ingredients
          </span>
          <span
            class="RecipeDetails__InstructionsSelectionSpan-sc-1urzn0d-8 kmaLsl instructions-selector"
            data-testid="instructionsButton"
          >
            Instructions
          </span>
        </div>
      </section>
      <section
        class="RecipeDetails__IngredientsSection-sc-1urzn0d-9 dgqXzX"
      >
        <p
          class="RecipeDetails__ParagraphStyled-sc-1urzn0d-11 dWkeEu"
        >
          200 g
        </p>
        <p
          class="RecipeDetails__ParagraphStyled-sc-1urzn0d-11 dWkeEu"
        >
          flour
        </p>
        <p
          class="RecipeDetails__ParagraphStyled-sc-1urzn0d-11 dWkeEu"
        >
          100 ml
        </p>
        <p
          class="RecipeDetails__ParagraphStyled-sc-1urzn0d-11 dWkeEu"
        >
          milk
        </p>
        <p
          class="RecipeDetails__ParagraphStyled-sc-1urzn0d-11 dWkeEu"
        >
          250 g
        </p>
        <p
          class="RecipeDetails__ParagraphStyled-sc-1urzn0d-11 dWkeEu"
        >
          sugar
        </p>
        <p
          class="RecipeDetails__ParagraphStyled-sc-1urzn0d-11 dWkeEu"
        >
          2
        </p>
        <p
          class="RecipeDetails__ParagraphStyled-sc-1urzn0d-11 dWkeEu"
        >
          eggs
        </p>
        <p
          class="RecipeDetails__ParagraphStyled-sc-1urzn0d-11 dWkeEu"
        >
          1 tsp
        </p>
        <p
          class="RecipeDetails__ParagraphStyled-sc-1urzn0d-11 dWkeEu"
        >
          baking powder
        </p>
        <p
          class="RecipeDetails__ParagraphStyled-sc-1urzn0d-11 dWkeEu"
        >
          100 g
        </p>
        <p
          class="RecipeDetails__ParagraphStyled-sc-1urzn0d-11 dWkeEu"
        >
          chocolate chips
        </p>
      </section>
    </main>
    <section
      class="RecipeDetails__RatingSection-sc-1urzn0d-12 izjlX"
    >
      <svg
        class="RecipeDetails__CloseRatingIcon-sc-1urzn0d-19 fXIbce"
        fill="currentColor"
        height="1em"
        stroke="currentColor"
        stroke-width="0"
        viewBox="0 0 512 512"
        width="1em"
        xmlns="http://www.w3.org/2000/svg"
      >
        <path
          d="M331.3 308.7L278.6 256l52.7-52.7c6.2-6.2 6.2-16.4 0-22.6-6.2-6.2-16.4-6.2-22.6 0L256 233.4l-52.7-52.7c-6.2-6.2-15.6-7.1-22.6 0-7.1 7.1-6 16.6 0 22.6l52.7 52.7-52.7 52.7c-6.7 6.7-6.4 16.3 0 22.6 6.4 6.4 16.4 6.2 22.6 0l52.7-52.7 52.7 52.7c6.2 6.2 16.4 6.2 22.6 0 6.3-6.2 6.3-16.4 0-22.6z"
        />
        <path
          d="M256 76c48.1 0 93.3 18.7 127.3 52.7S436 207.9 436 256s-18.7 93.3-52.7 127.3S304.1 436 256 436c-48.1 0-93.3-18.7-127.3-52.7S76 304.1 76 256s18.7-93.3 52.7-127.3S207.9 76 256 76m0-28C141.1 48 48 141.1 48 256s93.1 208 208 208 208-93.1 208-208S370.9 48 256 48z"
        />
      </svg>
      <p
        class="RecipeDetails__RatingText-sc-1urzn0d-21 bxbIPw"
      >
        Please rate the recipe
      </p>
      <section
        class="RecipeDetails__StarSection-sc-1urzn0d-20 kEHwsF"
      >
        <svg
          class="RecipeDetails__StarIcon-sc-1urzn0d-13 RecipeDetails__StarIcon1-sc-1urzn0d-14 diVOfj"
          fill="currentColor"
          height="1em"
          stroke="currentColor"
          stroke-width="0"
          userRating="0"
          viewBox="0 0 512 512"
          width="1em"
          xmlns="http://www.w3.org/2000/svg"
        >
          <path
            d="M256 372.686L380.83 448l-33.021-142.066L458 210.409l-145.267-12.475L256 64l-56.743 133.934L54 210.409l110.192 95.525L131.161 448z"
          />
        </svg>
        <svg
          class="RecipeDetails__StarIcon-sc-1urzn0d-13 RecipeDetails__StarIcon2-sc-1urzn0d-15 ewLkUx"
          fill="currentColor"
          height="1em"
          stroke="currentColor"
          stroke-width="0"
          userRating="0"
          viewBox="0 0 512 512"
          width="1em"
          xmlns="http://www.w3.org/2000/svg"
        >
          <path
            d="M256 372.686L380.83 448l-33.021-142.066L458 210.409l-145.267-12.475L256 64l-56.743 133.934L54 210.409l110.192 95.525L131.161 448z"
          />
        </svg>
        <svg
          class="RecipeDetails__StarIcon-sc-1urzn0d-13 RecipeDetails__StarIcon3-sc-1urzn0d-16 jTWiRr"
          fill="currentColor"
          height="1em"
          stroke="currentColor"
          stroke-width="0"
          userRating="0"
          viewBox="0 0 512 512"
          width="1em"
          xmlns="http://www.w3.org/2000/svg"
        >
          <path
            d="M256 372.686L380.83 448l-33.021-142.066L458 210.409l-145.267-12.475L256 64l-56.743 133.934L54 210.409l110.192 95.525L131.161 448z"
          />
        </svg>
        <svg
          class="RecipeDetails__StarIcon-sc-1urzn0d-13 RecipeDetails__StarIcon4-sc-1urzn0d-17 jQJlYZ"
          fill="currentColor"
          height="1em"
          stroke="currentColor"
          stroke-width="0"
          userRating="0"
          viewBox="0 0 512 512"
          width="1em"
          xmlns="http://www.w3.org/2000/svg"
        >
          <path
            d="M256 372.686L380.83 448l-33.021-142.066L458 210.409l-145.267-12.475L256 64l-56.743 133.934L54 210.409l110.192 95.525L131.161 448z"
          />
        </svg>
        <svg
          class="RecipeDetails__StarIcon-sc-1urzn0d-13 RecipeDetails__StarIcon5-sc-1urzn0d-18 jLDYRP"
          fill="currentColor"
          height="1em"
          stroke="currentColor"
          stroke-width="0"
          userRating="0"
          viewBox="0 0 512 512"
          width="1em"
          xmlns="http://www.w3.org/2000/svg"
        >
          <path
            d="M256 372.686L380.83 448l-33.021-142.066L458 210.409l-145.267-12.475L256 64l-56.743 133.934L54 210.409l110.192 95.525L131.161 448z"
          />
        </svg>
      </section>
      <button
        class="RecipeDetails__RatingButton-sc-1urzn0d-22 YCwru"
      >
        Submit
      </button>
    </section>
  </div>,
  "debug": [Function],
  "findAllByAltText": [Function],
  "findAllByDisplayValue": [Function],
  "findAllByLabelText": [Function],
  "findAllByPlaceholderText": [Function],
  "findAllByRole": [Function],
  "findAllByTestId": [Function],
  "findAllByText": [Function],
  "findAllByTitle": [Function],
  "findByAltText": [Function],
  "findByDisplayValue": [Function],
  "findByLabelText": [Function],
  "findByPlaceholderText": [Function],
  "findByRole": [Function],
  "findByTestId": [Function],
  "findByText": [Function],
  "findByTitle": [Function],
  "getAllByAltText": [Function],
  "getAllByDisplayValue": [Function],
  "getAllByLabelText": [Function],
  "getAllByPlaceholderText": [Function],
  "getAllByRole": [Function],
  "getAllByTestId": [Function],
  "getAllByText": [Function],
  "getAllByTitle": [Function],
  "getByAltText": [Function],
  "getByDisplayValue": [Function],
  "getByLabelText": [Function],
  "getByPlaceholderText": [Function],
  "getByRole": [Function],
  "getByTestId": [Function],
  "getByText": [Function],
  "getByTitle": [Function],
  "queryAllByAltText": [Function],
  "queryAllByDisplayValue": [Function],
  "queryAllByLabelText": [Function],
  "queryAllByPlaceholderText": [Function],
  "queryAllByRole": [Function],
  "queryAllByTestId": [Function],
  "queryAllByText": [Function],
  "queryAllByTitle": [Function],
  "queryByAltText": [Function],
  "queryByDisplayValue": [Function],
  "queryByLabelText": [Function],
  "queryByPlaceholderText": [Function],
  "queryByRole": [Function],
  "queryByTestId": [Function],
  "queryByText": [Function],
  "queryByTitle": [Function],
  "rerender": [Function],
  "unmount": [Function],
}
`;
